[www.oikoscrap.com.ar/index.html]
[backblue.gif]
[fade.gif]
[index.html]
[www.oikoscrap.com.ar/assets/images/favicon.png]
[www.oikoscrap.com.ar/assets/images/logo.png]
[www.oikoscrap.com.ar/assets/theme/css/bootstrap.min.css]
[www.oikoscrap.com.ar/assets/theme/fonts/css/all.min.css]
[www.oikoscrap.com.ar/assets/theme/css/custom.css]
[www.oikoscrap.com.ar/assets/theme/css/stylesheet.css]
[www.oikoscrap.com.ar/assets/theme/css/navbar.css]
[www.oikoscrap.com.ar/assets/theme/css/responsive.css]
[www.oikoscrap.com.ar/assets/theme/css/slick.min.css]
[www.oikoscrap.com.ar/assets/theme/css/owl.carousel.min.css]
[www.oikoscrap.com.ar/assets/theme/css/flickity.min.css]
[www.oikoscrap.com.ar/assets/theme/js/modernizr-custom.js]
[www.oikoscrap.com.ar/assets/css/main-rocha.css]
[www.oikoscrap.com.ar/assets/css/lightbox.css]
[www.oikoscrap.com.ar/assets/css/estilos-rocha.css]
[www.oikoscrap.com.ar/assets/css/select2.min.css]
[www.oikoscrap.com.ar/assets/css/loading.css]
[www.oikoscrap.com.ar/assets/css/auto-complete.css]
[www.oikoscrap.com.ar/assets/css/toastr.min.css]
[www.oikoscrap.com.ar/assets/css/progress-wizard.min.css]
[www.oikoscrap.com.ar/c/empresa/nosotros/empresa-info.html]
[www.oikoscrap.com.ar/c/soluciones/soluciones/bb5b361f81.html]
[www.oikoscrap.com.ar/c/certificados/certificados/b08ba27701.html]
[www.oikoscrap.com.ar/c/novedades.html]
[www.oikoscrap.com.ar/assets/archivos/recortadas/equipos-a-reciclar_0ca69a8839_es.webp]
[www.oikoscrap.com.ar/contacto.html]
[www.oikoscrap.com.ar/assets/archivos/recortadas/cotizacion_a9c652543c_es.webp]
[www.oikoscrap.com.ar/assets/archivos/recortadas/reciclado-raee_7eb0d520db_es.webp]
[www.oikoscrap.com.ar/assets/archivos/recortadas/logistica_bf9bd76a67_es.webp]
[www.oikoscrap.com.ar/assets/theme/js/jquery-3.4.1.min.js]
[www.oikoscrap.com.ar/assets/theme/js/plugins.js]
[www.oikoscrap.com.ar/assets/theme/js/bootstrap.min.js]
[www.oikoscrap.com.ar/assets/theme/js/main.js]
[www.oikoscrap.com.ar/assets/theme/js/snap.svg.js]
[www.oikoscrap.com.ar/assets/theme/js/slider.js]
[www.oikoscrap.com.ar/assets/theme/js/nav-fixed-top.js]
[www.oikoscrap.com.ar/assets/js/services/lang.js]
[www.oikoscrap.com.ar/assets/js/lightbox.js]
[www.oikoscrap.com.ar/assets/js/jquery-ui.min.js]
[www.oikoscrap.com.ar/assets/js/select2.min.js]
[www.oikoscrap.com.ar/assets/js/bootstrap-notify.min.js]
[www.oikoscrap.com.ar/assets/js/toastr.min.js]
[www.oikoscrap.com.ar/assets/js/services/services.js]
[www.oikoscrap.com.ar/assets/js/services/email.js]
[www.oikoscrap.com.ar/assets/js/services/search.js]
[www.oikoscrap.com.ar/assets/js/services/products.js]
[www.oikoscrap.com.ar/assets/js/services/user.js]
[www.oikoscrap.com.ar/assets/js/services/cart.js]
[www.oikoscrap.com.ar/assets/js/sticky/sticky-sidebar.min.js]
[www.oikoscrap.com.ar/index.html]
[www.oikoscrap.com.ar/assets/theme/js/flickity.pkgd.min.js]
[www.oikoscrap.com.ar/info_oikoscrap.com.html]
[www.oikoscrap.com.ar/assets/theme/css/bootstrap.min.css]
[www.oikoscrap.com.ar/assets/theme/fonts/css/all.min.css]
[www.oikoscrap.com.ar/assets/theme/css/custom.css]
[www.oikoscrap.com.ar/assets/theme/css/normalize.css]
[www.oikoscrap.com.ar/assets/theme/img/images/world-map.png]
[www.oikoscrap.com.ar/assets/theme/css/stylesheet.css]
[www.oikoscrap.com.ar/assets/theme/img/images/logistic3.jpg]
[www.oikoscrap.com.ar/assets/theme/css/navbar.css]
[www.oikoscrap.com.ar/assets/theme/css/responsive.css]
[www.oikoscrap.com.ar/assets/theme/css/slick.min.css]
[www.oikoscrap.com.ar/assets/theme/css/owl.carousel.min.css]
[www.oikoscrap.com.ar/assets/theme/css/flickity.min.css]
[www.oikoscrap.com.ar/assets/css/main-rocha.css]
[www.oikoscrap.com.ar/assets/css/lightbox.css]
[www.oikoscrap.com.ar/assets/css/estilos-rocha.css]
[www.oikoscrap.com.ar/assets/css/select2.min.css]
[www.oikoscrap.com.ar/assets/css/loading.css]
[www.oikoscrap.com.ar/assets/css/auto-complete.css]
[www.oikoscrap.com.ar/assets/css/toastr.min.css]
[www.oikoscrap.com.ar/assets/css/progress-wizard.min.css]
[www.oikoscrap.com.ar/assets/css/custom-rocha.css]
[www.oikoscrap.com.ar/1.html]
[www.oikoscrap.com.ar/c/empresa/nosotros/empresa-info.html]
[www.oikoscrap.com.ar/assets/archivos/recortadas/empresa_3819eb6f5a_es.webp]
[www.oikoscrap.com.ar/c/empresa/nosotros/1.html]
[www.oikoscrap.com.ar/c/empresa/nosotros/info_oikoscrap.com.html]
[www.oikoscrap.com.ar/assets/archivos/recortadas/soluciones_7b9e78d9fe_es.webp]
[www.oikoscrap.com.ar/c/soluciones/soluciones/info_oikoscrap.com.html]
[www.oikoscrap.com.ar/c/soluciones/soluciones/1.html]
[www.oikoscrap.com.ar/c/soluciones/soluciones/bb5b361f81.html]
[www.oikoscrap.com.ar/assets/archivos/recortadas/soluciones_42dac4e177_es.webp]
[www.oikoscrap.com.ar/c/certificados/certificados/info_oikoscrap.com.html]
[www.oikoscrap.com.ar/c/certificados/certificados/1.html]
[www.oikoscrap.com.ar/assets/archivos/recortadas/certificados_3e8174e0ed_es.webp]
[www.oikoscrap.com.ar/c/certificados/certificados/b08ba27701.html]
[www.oikoscrap.com.ar/c/info_oikoscrap.com.html]
[www.oikoscrap.com.ar/c/1.html]
[www.oikoscrap.com.ar/c/novedades.html]
[www.oikoscrap.com.ar/assets/archivos/recortadas/novedades_94df081639_es.webp]
[www.oikoscrap.com.ar/assets/archivos/recortadas/contacto_643da717ad_es.webp]
[www.oikoscrap.com.ar/contacto.html]
[www.oikoscrap.com.ar/assets/theme/css/normalize.css]
[www.oikoscrap.com.ar/c/empresa/nosotros/info_oikoscrap.com.html]
[www.oikoscrap.com.ar/c/empresa/nosotros/1.html]
[www.oikoscrap.com.ar/c/soluciones/soluciones/info_oikoscrap.com.html]
[www.oikoscrap.com.ar/c/soluciones/soluciones/1.html]
[www.oikoscrap.com.ar/c/certificados/certificados/info_oikoscrap.com.html]
[www.oikoscrap.com.ar/c/certificados/certificados/1.html]
[www.oikoscrap.com.ar/c/info_oikoscrap.com.html]
[www.oikoscrap.com.ar/c/1.html]
